[debug] [2026-09-18T16:23:52.273Z] ----------------------------------------------------------------------
[debug] [2026-09-18T16:23:52.277Z] Command:       C:\Program Files\nodejs\node.exe C:\Users\david\AppData\Local\npm-cache\_npx\7750544ccf494d8b\node_modules\firebase-tools\lib\bin\firebase.js deploy --project noctiq-d1020 --only functions:holofyrn-accounts --non-interactive
[debug] [2026-09-18T16:23:52.278Z] CLI Version:   15.30.2
[debug] [2026-09-18T16:23:52.278Z] Platform:      win32
[debug] [2026-09-18T16:23:52.279Z] Node Version:  v24.16.0
[debug] [2026-09-18T16:23:52.279Z] Detected Agent: codex_cli
[debug] [2026-09-18T16:23:52.279Z] Time:          Fri Sep 18 2026 18:23:52 GMT+0200 (közép-európai nyári idő)
[debug] [2026-09-18T16:23:52.280Z] ----------------------------------------------------------------------
[debug] 
[debug] [2026-09-18T16:23:54.206Z] > command requires scopes: ["email","openid","https://www.googleapis.com/auth/cloudplatformprojects.readonly","https://www.googleapis.com/auth/firebase","https://www.googleapis.com/auth/cloud-platform"]
[debug] [2026-09-18T16:23:54.206Z] > authorizing via signed-in user (codenest.csapat@gmail.com)
[debug] [2026-09-18T16:23:54.207Z] [iam] checking project noctiq-d1020 for permissions ["cloudfunctions.functions.create","cloudfunctions.functions.delete","cloudfunctions.functions.get","cloudfunctions.functions.list","cloudfunctions.functions.update","cloudfunctions.operations.get","firebase.projects.get"]
[debug] [2026-09-18T16:23:54.225Z] Checked if tokens are valid: true, expires at: 1789752185371
[debug] [2026-09-18T16:23:54.225Z] Checked if tokens are valid: true, expires at: 1789752185371
[debug] [2026-09-18T16:23:54.227Z] >>> [apiv2][query] POST https://cloudresourcemanager.googleapis.com/v1/projects/noctiq-d1020:testIamPermissions [none]
[debug] [2026-09-18T16:23:54.227Z] >>> [apiv2][(partial)header] POST https://cloudresourcemanager.googleapis.com/v1/projects/noctiq-d1020:testIamPermissions  x-goog-user-project=noctiq-d1020
[debug] [2026-09-18T16:23:54.228Z] >>> [apiv2][body] POST https://cloudresourcemanager.googleapis.com/v1/projects/noctiq-d1020:testIamPermissions {"permissions":["cloudfunctions.functions.create","cloudfunctions.functions.delete","cloudfunctions.functions.get","cloudfunctions.functions.list","cloudfunctions.functions.update","cloudfunctions.operations.get","firebase.projects.get"]}
[debug] [2026-09-18T16:23:55.426Z] <<< [apiv2][status] POST https://cloudresourcemanager.googleapis.com/v1/projects/noctiq-d1020:testIamPermissions 200
[debug] [2026-09-18T16:23:55.426Z] <<< [apiv2][body] POST https://cloudresourcemanager.googleapis.com/v1/projects/noctiq-d1020:testIamPermissions {"permissions":["cloudfunctions.functions.create","cloudfunctions.functions.delete","cloudfunctions.functions.get","cloudfunctions.functions.list","cloudfunctions.functions.update","cloudfunctions.operations.get","firebase.projects.get"]}
[debug] [2026-09-18T16:23:55.427Z] Checked if tokens are valid: true, expires at: 1789752185371
[debug] [2026-09-18T16:23:55.428Z] Checked if tokens are valid: true, expires at: 1789752185371
[debug] [2026-09-18T16:23:55.428Z] >>> [apiv2][query] POST https://iam.googleapis.com/v1/projects/noctiq-d1020/serviceAccounts/noctiq-d1020@appspot.gserviceaccount.com:testIamPermissions [none]
[debug] [2026-09-18T16:23:55.429Z] >>> [apiv2][body] POST https://iam.googleapis.com/v1/projects/noctiq-d1020/serviceAccounts/noctiq-d1020@appspot.gserviceaccount.com:testIamPermissions {"permissions":["iam.serviceAccounts.actAs"]}
[debug] [2026-09-18T16:23:56.639Z] <<< [apiv2][status] POST https://iam.googleapis.com/v1/projects/noctiq-d1020/serviceAccounts/noctiq-d1020@appspot.gserviceaccount.com:testIamPermissions 404
[debug] [2026-09-18T16:23:56.640Z] <<< [apiv2][body] POST https://iam.googleapis.com/v1/projects/noctiq-d1020/serviceAccounts/noctiq-d1020@appspot.gserviceaccount.com:testIamPermissions {"error":{"code":404,"message":"Unknown service account","status":"NOT_FOUND"}}
[debug] [2026-09-18T16:23:56.640Z] [functions] service account IAM check errored, deploy may fail: Request to https://iam.googleapis.com/v1/projects/noctiq-d1020/serviceAccounts/noctiq-d1020@appspot.gserviceaccount.com:testIamPermissions had HTTP Error: 404, Unknown service account {"name":"FirebaseError","children":[],"context":{"body":{"error":{"code":404,"message":"Unknown service account","status":"NOT_FOUND"}},"response":{"statusCode":404}},"exit":1,"message":"Request to https://iam.googleapis.com/v1/projects/noctiq-d1020/serviceAccounts/noctiq-d1020@appspot.gserviceaccount.com:testIamPermissions had HTTP Error: 404, Unknown service account","status":404}
[info] 
[info] === Deploying to 'noctiq-d1020'...
[info] 
[info] i  deploying functions 
[debug] [2026-09-18T16:23:56.646Z] Checked if tokens are valid: true, expires at: 1789752185371
[debug] [2026-09-18T16:23:56.646Z] Checked if tokens are valid: true, expires at: 1789752185371
[debug] [2026-09-18T16:23:56.646Z] >>> [apiv2][query] GET https://serviceusage.googleapis.com/v1/projects/noctiq-d1020/services/cloudresourcemanager.googleapis.com [none]
[debug] [2026-09-18T16:23:56.646Z] >>> [apiv2][(partial)header] GET https://serviceusage.googleapis.com/v1/projects/noctiq-d1020/services/cloudresourcemanager.googleapis.com  x-goog-user-project=noctiq-d1020
[debug] [2026-09-18T16:23:57.976Z] <<< [apiv2][status] GET https://serviceusage.googleapis.com/v1/projects/noctiq-d1020/services/cloudresourcemanager.googleapis.com 200
[debug] [2026-09-18T16:23:57.976Z] <<< [apiv2][body] GET https://serviceusage.googleapis.com/v1/projects/noctiq-d1020/services/cloudresourcemanager.googleapis.com [omitted]
[debug] [2026-09-18T16:23:57.990Z] Checked if tokens are valid: true, expires at: 1789752185371
[debug] [2026-09-18T16:23:57.991Z] Checked if tokens are valid: true, expires at: 1789752185371
[debug] [2026-09-18T16:23:57.991Z] >>> [apiv2][query] GET https://cloudresourcemanager.googleapis.com/v1/projects/noctiq-d1020 [none]
[debug] [2026-09-18T16:23:58.313Z] <<< [apiv2][status] GET https://cloudresourcemanager.googleapis.com/v1/projects/noctiq-d1020 200
[debug] [2026-09-18T16:23:58.314Z] <<< [apiv2][body] GET https://cloudresourcemanager.googleapis.com/v1/projects/noctiq-d1020 {"projectNumber":"766011012660","projectId":"noctiq-d1020","lifecycleState":"ACTIVE","name":"noctiq","labels":{"firebase":"enabled","firebase-core":"disabled"},"createTime":"2026-05-28T13:31:42.804Z"}
[info] i  functions: preparing codebase holofyrn-accounts for deployment 
[info] i  functions: ensuring required API cloudfunctions.googleapis.com is enabled... 
[debug] [2026-09-18T16:23:58.317Z] Checked if tokens are valid: true, expires at: 1789752185371
[debug] [2026-09-18T16:23:58.318Z] Checked if tokens are valid: true, expires at: 1789752185371
[debug] [2026-09-18T16:23:58.318Z] Checked if tokens are valid: true, expires at: 1789752185371
[debug] [2026-09-18T16:23:58.318Z] Checked if tokens are valid: true, expires at: 1789752185371
[info] i  functions: ensuring required API cloudbuild.googleapis.com is enabled... 
[debug] [2026-09-18T16:23:58.319Z] Checked if tokens are valid: true, expires at: 1789752185371
[debug] [2026-09-18T16:23:58.320Z] Checked if tokens are valid: true, expires at: 1789752185371
[info] i  artifactregistry: ensuring required API artifactregistry.googleapis.com is enabled... 
[debug] [2026-09-18T16:23:58.320Z] Checked if tokens are valid: true, expires at: 1789752185371
[debug] [2026-09-18T16:23:58.320Z] Checked if tokens are valid: true, expires at: 1789752185371
[debug] [2026-09-18T16:23:58.321Z] >>> [apiv2][query] GET https://serviceusage.googleapis.com/v1/projects/noctiq-d1020/services/cloudfunctions.googleapis.com [none]
[debug] [2026-09-18T16:23:58.321Z] >>> [apiv2][(partial)header] GET https://serviceusage.googleapis.com/v1/projects/noctiq-d1020/services/cloudfunctions.googleapis.com  x-goog-user-project=noctiq-d1020
[debug] [2026-09-18T16:23:58.322Z] >>> [apiv2][query] GET https://serviceusage.googleapis.com/v1/projects/noctiq-d1020/services/runtimeconfig.googleapis.com [none]
[debug] [2026-09-18T16:23:58.322Z] >>> [apiv2][(partial)header] GET https://serviceusage.googleapis.com/v1/projects/noctiq-d1020/services/runtimeconfig.googleapis.com  x-goog-user-project=noctiq-d1020
[debug] [2026-09-18T16:23:58.325Z] >>> [apiv2][query] GET https://serviceusage.googleapis.com/v1/projects/noctiq-d1020/services/cloudbuild.googleapis.com [none]
[debug] [2026-09-18T16:23:58.325Z] >>> [apiv2][(partial)header] GET https://serviceusage.googleapis.com/v1/projects/noctiq-d1020/services/cloudbuild.googleapis.com  x-goog-user-project=noctiq-d1020
[debug] [2026-09-18T16:23:58.328Z] >>> [apiv2][query] GET https://serviceusage.googleapis.com/v1/projects/noctiq-d1020/services/artifactregistry.googleapis.com [none]
[debug] [2026-09-18T16:23:58.328Z] >>> [apiv2][(partial)header] GET https://serviceusage.googleapis.com/v1/projects/noctiq-d1020/services/artifactregistry.googleapis.com  x-goog-user-project=noctiq-d1020
[debug] [2026-09-18T16:23:59.404Z] <<< [apiv2][status] GET https://serviceusage.googleapis.com/v1/projects/noctiq-d1020/services/cloudfunctions.googleapis.com 200
[debug] [2026-09-18T16:23:59.404Z] <<< [apiv2][body] GET https://serviceusage.googleapis.com/v1/projects/noctiq-d1020/services/cloudfunctions.googleapis.com [omitted]
[warn] !  functions: missing required API cloudfunctions.googleapis.com. Enabling now... 
[debug] [2026-09-18T16:23:59.405Z] Checked if tokens are valid: true, expires at: 1789752185371
[debug] [2026-09-18T16:23:59.405Z] Checked if tokens are valid: true, expires at: 1789752185371
[debug] [2026-09-18T16:23:59.406Z] >>> [apiv2][query] POST https://serviceusage.googleapis.com/v1/projects/noctiq-d1020/services/cloudfunctions.googleapis.com:enable [none]
[debug] [2026-09-18T16:23:59.406Z] >>> [apiv2][(partial)header] POST https://serviceusage.googleapis.com/v1/projects/noctiq-d1020/services/cloudfunctions.googleapis.com:enable  x-goog-user-project=noctiq-d1020
[debug] [2026-09-18T16:23:59.512Z] <<< [apiv2][status] GET https://serviceusage.googleapis.com/v1/projects/noctiq-d1020/services/artifactregistry.googleapis.com 200
[debug] [2026-09-18T16:23:59.512Z] <<< [apiv2][body] GET https://serviceusage.googleapis.com/v1/projects/noctiq-d1020/services/artifactregistry.googleapis.com [omitted]
[warn] !  artifactregistry: missing required API artifactregistry.googleapis.com. Enabling now... 
[debug] [2026-09-18T16:23:59.513Z] Checked if tokens are valid: true, expires at: 1789752185371
[debug] [2026-09-18T16:23:59.513Z] Checked if tokens are valid: true, expires at: 1789752185371
[debug] [2026-09-18T16:23:59.513Z] >>> [apiv2][query] POST https://serviceusage.googleapis.com/v1/projects/noctiq-d1020/services/artifactregistry.googleapis.com:enable [none]
[debug] [2026-09-18T16:23:59.513Z] >>> [apiv2][(partial)header] POST https://serviceusage.googleapis.com/v1/projects/noctiq-d1020/services/artifactregistry.googleapis.com:enable  x-goog-user-project=noctiq-d1020
[debug] [2026-09-18T16:23:59.518Z] <<< [apiv2][status] GET https://serviceusage.googleapis.com/v1/projects/noctiq-d1020/services/cloudbuild.googleapis.com 200
[debug] [2026-09-18T16:23:59.518Z] <<< [apiv2][body] GET https://serviceusage.googleapis.com/v1/projects/noctiq-d1020/services/cloudbuild.googleapis.com [omitted]
[warn] !  functions: missing required API cloudbuild.googleapis.com. Enabling now... 
[debug] [2026-09-18T16:23:59.519Z] Checked if tokens are valid: true, expires at: 1789752185371
[debug] [2026-09-18T16:23:59.519Z] Checked if tokens are valid: true, expires at: 1789752185371
[debug] [2026-09-18T16:23:59.520Z] >>> [apiv2][query] POST https://serviceusage.googleapis.com/v1/projects/noctiq-d1020/services/cloudbuild.googleapis.com:enable [none]
[debug] [2026-09-18T16:23:59.520Z] >>> [apiv2][(partial)header] POST https://serviceusage.googleapis.com/v1/projects/noctiq-d1020/services/cloudbuild.googleapis.com:enable  x-goog-user-project=noctiq-d1020
[debug] [2026-09-18T16:23:59.524Z] <<< [apiv2][status] GET https://serviceusage.googleapis.com/v1/projects/noctiq-d1020/services/runtimeconfig.googleapis.com 200
[debug] [2026-09-18T16:23:59.524Z] <<< [apiv2][body] GET https://serviceusage.googleapis.com/v1/projects/noctiq-d1020/services/runtimeconfig.googleapis.com [omitted]
[debug] [2026-09-18T16:24:00.223Z] <<< [apiv2][status] POST https://serviceusage.googleapis.com/v1/projects/noctiq-d1020/services/cloudfunctions.googleapis.com:enable 200
[debug] [2026-09-18T16:24:00.223Z] <<< [apiv2][body] POST https://serviceusage.googleapis.com/v1/projects/noctiq-d1020/services/cloudfunctions.googleapis.com:enable [omitted]
[debug] [2026-09-18T16:24:00.428Z] <<< [apiv2][status] POST https://serviceusage.googleapis.com/v1/projects/noctiq-d1020/services/artifactregistry.googleapis.com:enable 400
[debug] [2026-09-18T16:24:00.428Z] <<< [apiv2][body] POST https://serviceusage.googleapis.com/v1/projects/noctiq-d1020/services/artifactregistry.googleapis.com:enable [omitted]
[error] 
[error] Error: Your project noctiq-d1020 must be on the Blaze (pay-as-you-go) plan to complete this command. Required API artifactregistry.googleapis.com can't be enabled until the upgrade is complete. To upgrade, visit the following URL:

https://console.firebase.google.com/project/noctiq-d1020/usage/details
[debug] [2026-09-18T16:24:00.529Z] <<< [apiv2][status] POST https://serviceusage.googleapis.com/v1/projects/noctiq-d1020/services/cloudbuild.googleapis.com:enable 400
[debug] [2026-09-18T16:24:00.529Z] <<< [apiv2][body] POST https://serviceusage.googleapis.com/v1/projects/noctiq-d1020/services/cloudbuild.googleapis.com:enable [omitted]
